<html>
<body>
<pre>
<h1>µVision Build Log</h1>
<h2>Tool Versions:</h2>
IDE-Version: ¦ÌVision V5.15
Copyright (C) 2015 ARM Ltd and ARM Germany GmbH. All rights reserved.
License Information: 0 r00kie, 0, LIC=Y2BNN-Y7FU8-04RSQ-N2G6W-JQC69-4V0GT
 
Tool Versions:
Toolchain:       MDK-ARM Professional  Version: 5.15.0
Toolchain Path:  C:\Keil_v5\ARM\ARMCC\Bin
C Compiler:      Armcc.exe V5.05 update 2 (build 169)
Assembler:       Armasm.exe V5.05 update 2 (build 169)
Linker/Locator:  ArmLink.exe V5.05 update 2 (build 169)
Library Manager: ArmAr.exe V5.05 update 2 (build 169)
Hex Converter:   FromElf.exe V5.05 update 2 (build 169)
CPU DLL:         SARMCM3.DLL V5.15.0
Dialog DLL:      DARMCM1.DLL V1.12.0.0
Target DLL:      STLink\ST-LINKIII-KEIL_SWO.dll V2.0.15.0_KEIL
Dialog DLL:      TARMCM1.DLL V1.9.0.0
 
<h2>Project:</h2>
C:\Users\r00kie\Desktop\ÏßÊ÷²â¾à\ÏßÊ÷²â¾àÈí¼þ\mdk\STM32F072RBT6-DEMO.uvprojx
Project File Date:  12/18/2017

<h2>Output:</h2>
*** Using Compiler 'V5.05 update 2 (build 169)', folder: 'C:\Keil_v5\ARM\ARMCC\Bin'
Build target 'STM32F072RBT6-DEMO'
compiling main.c...
linking...
Program Size: Code=24216 RO-data=3608 RW-data=204 ZI-data=1476  
FromELF: creating hex file...
".\obj\LED.axf" - 0 Error(s), 0 Warning(s).

<h2>Collection of Component include folders:</h2>
  C:\Users\r00kie\Desktop\ÏßÊ÷²â¾à\ÏßÊ÷²â¾àÈí¼þ\mdk\RTE
  C:\Keil_v5\ARM\PACK\Keil\Keil.STM32F0xx_DFP.1.5.0\Device\Include

<h2>Collection of Component Files used:</h2>
</pre>
</body>
</html>
